Archive member included to satisfy reference by file (symbol)

C:/ST/STM32CubeIDE_1.11.2/STM32CubeIDE/plugins/com.st.stm32cube.ide.mcu.externaltools.gnu-tools-for-stm32.12.3.rel1.win32_1.0.100.202403111256/tools/bin/../lib/gcc/arm-none-eabi/12.3.1/../../../../arm-none-eabi/lib/thumb/v7e-m+fp/hard\libc_nano.a(libc_a-exit.o)
                              C:/ST/STM32CubeIDE_1.11.2/STM32CubeIDE/plugins/com.st.stm32cube.ide.mcu.externaltools.gnu-tools-for-stm32.12.3.rel1.win32_1.0.100.202403111256/tools/bin/../lib/gcc/arm-none-eabi/12.3.1/../../../../arm-none-eabi/lib/thumb/v7e-m+fp/hard/crt0.o (exit)
C:/ST/STM32CubeIDE_1.11.2/STM32CubeIDE/plugins/com.st.stm32cube.ide.mcu.externaltools.gnu-tools-for-stm32.12.3.rel1.win32_1.0.100.202403111256/tools/bin/../lib/gcc/arm-none-eabi/12.3.1/../../../../arm-none-eabi/lib/thumb/v7e-m+fp/hard\libc_nano.a(libc_a-findfp.o)
                              C:/ST/STM32CubeIDE_1.11.2/STM32CubeIDE/plugins/com.st.stm32cube.ide.mcu.externaltools.gnu-tools-for-stm32.12.3.rel1.win32_1.0.100.202403111256/tools/bin/../lib/gcc/arm-none-eabi/12.3.1/../../../../arm-none-eabi/lib/thumb/v7e-m+fp/hard\libc_nano.a(libc_a-exit.o) (__stdio_exit_handler)
C:/ST/STM32CubeIDE_1.11.2/STM32CubeIDE/plugins/com.st.stm32cube.ide.mcu.externaltools.gnu-tools-for-stm32.12.3.rel1.win32_1.0.100.202403111256/tools/bin/../lib/gcc/arm-none-eabi/12.3.1/../../../../arm-none-eabi/lib/thumb/v7e-m+fp/hard\libc_nano.a(libc_a-fwalk.o)
                              C:/ST/STM32CubeIDE_1.11.2/STM32CubeIDE/plugins/com.st.stm32cube.ide.mcu.externaltools.gnu-tools-for-stm32.12.3.rel1.win32_1.0.100.202403111256/tools/bin/../lib/gcc/arm-none-eabi/12.3.1/../../../../arm-none-eabi/lib/thumb/v7e-m+fp/hard\libc_nano.a(libc_a-findfp.o) (_fwalk_sglue)
C:/ST/STM32CubeIDE_1.11.2/STM32CubeIDE/plugins/com.st.stm32cube.ide.mcu.externaltools.gnu-tools-for-stm32.12.3.rel1.win32_1.0.100.202403111256/tools/bin/../lib/gcc/arm-none-eabi/12.3.1/../../../../arm-none-eabi/lib/thumb/v7e-m+fp/hard\libc_nano.a(libc_a-printf.o)
                              ./Src/SWAP_FS.o (printf)
C:/ST/STM32CubeIDE_1.11.2/STM32CubeIDE/plugins/com.st.stm32cube.ide.mcu.externaltools.gnu-tools-for-stm32.12.3.rel1.win32_1.0.100.202403111256/tools/bin/../lib/gcc/arm-none-eabi/12.3.1/../../../../arm-none-eabi/lib/thumb/v7e-m+fp/hard\libc_nano.a(libc_a-putchar.o)
                              ./Src/SWAP_FS.o (putchar)
C:/ST/STM32CubeIDE_1.11.2/STM32CubeIDE/plugins/com.st.stm32cube.ide.mcu.externaltools.gnu-tools-for-stm32.12.3.rel1.win32_1.0.100.202403111256/tools/bin/../lib/gcc/arm-none-eabi/12.3.1/../../../../arm-none-eabi/lib/thumb/v7e-m+fp/hard\libc_nano.a(libc_a-puts.o)
                              ./Src/SWAP_FS.o (puts)
C:/ST/STM32CubeIDE_1.11.2/STM32CubeIDE/plugins/com.st.stm32cube.ide.mcu.externaltools.gnu-tools-for-stm32.12.3.rel1.win32_1.0.100.202403111256/tools/bin/../lib/gcc/arm-none-eabi/12.3.1/../../../../arm-none-eabi/lib/thumb/v7e-m+fp/hard\libc_nano.a(libc_a-stdio.o)
                              C:/ST/STM32CubeIDE_1.11.2/STM32CubeIDE/plugins/com.st.stm32cube.ide.mcu.externaltools.gnu-tools-for-stm32.12.3.rel1.win32_1.0.100.202403111256/tools/bin/../lib/gcc/arm-none-eabi/12.3.1/../../../../arm-none-eabi/lib/thumb/v7e-m+fp/hard\libc_nano.a(libc_a-findfp.o) (__sread)
C:/ST/STM32CubeIDE_1.11.2/STM32CubeIDE/plugins/com.st.stm32cube.ide.mcu.externaltools.gnu-tools-for-stm32.12.3.rel1.win32_1.0.100.202403111256/tools/bin/../lib/gcc/arm-none-eabi/12.3.1/../../../../arm-none-eabi/lib/thumb/v7e-m+fp/hard\libc_nano.a(libc_a-wbuf.o)
                              C:/ST/STM32CubeIDE_1.11.2/STM32CubeIDE/plugins/com.st.stm32cube.ide.mcu.externaltools.gnu-tools-for-stm32.12.3.rel1.win32_1.0.100.202403111256/tools/bin/../lib/gcc/arm-none-eabi/12.3.1/../../../../arm-none-eabi/lib/thumb/v7e-m+fp/hard\libc_nano.a(libc_a-puts.o) (__swbuf_r)
C:/ST/STM32CubeIDE_1.11.2/STM32CubeIDE/plugins/com.st.stm32cube.ide.mcu.externaltools.gnu-tools-for-stm32.12.3.rel1.win32_1.0.100.202403111256/tools/bin/../lib/gcc/arm-none-eabi/12.3.1/../../../../arm-none-eabi/lib/thumb/v7e-m+fp/hard\libc_nano.a(libc_a-wsetup.o)
                              C:/ST/STM32CubeIDE_1.11.2/STM32CubeIDE/plugins/com.st.stm32cube.ide.mcu.externaltools.gnu-tools-for-stm32.12.3.rel1.win32_1.0.100.202403111256/tools/bin/../lib/gcc/arm-none-eabi/12.3.1/../../../../arm-none-eabi/lib/thumb/v7e-m+fp/hard\libc_nano.a(libc_a-puts.o) (__swsetup_r)
C:/ST/STM32CubeIDE_1.11.2/STM32CubeIDE/plugins/com.st.stm32cube.ide.mcu.externaltools.gnu-tools-for-stm32.12.3.rel1.win32_1.0.100.202403111256/tools/bin/../lib/gcc/arm-none-eabi/12.3.1/../../../../arm-none-eabi/lib/thumb/v7e-m+fp/hard\libc_nano.a(libc_a-memset.o)
                              C:/ST/STM32CubeIDE_1.11.2/STM32CubeIDE/plugins/com.st.stm32cube.ide.mcu.externaltools.gnu-tools-for-stm32.12.3.rel1.win32_1.0.100.202403111256/tools/bin/../lib/gcc/arm-none-eabi/12.3.1/../../../../arm-none-eabi/lib/thumb/v7e-m+fp/hard/crt0.o (memset)
[...]
Memory Configuration

Name             Origin             Length             Attributes
RAM              0x20000000         0x00018000         xrw
FLASH            0x08000000         0x00080000         xr
*default*        0x00000000         0xffffffff

Linker script and memory map

LOAD C:/ST/STM32CubeIDE_1.11.2/STM32CubeIDE/plugins/com.st.stm32cube.ide.mcu.externaltools.gnu-tools-for-stm32.12.3.rel1.win32_1.0.100.202403111256/tools/bin/../lib/gcc/arm-none-eabi/12.3.1/thumb/v7e-m+fp/hard/crti.o
LOAD C:/ST/STM32CubeIDE_1.11.2/STM32CubeIDE/plugins/com.st.stm32cube.ide.mcu.externaltools.gnu-tools-for-stm32.12.3.rel1.win32_1.0.100.202403111256/tools/bin/../lib/gcc/arm-none-eabi/12.3.1/thumb/v7e-m+fp/hard/crtbegin.o
LOAD C:/ST/STM32CubeIDE_1.11.2/STM32CubeIDE/plugins/com.st.stm32cube.ide.mcu.externaltools.gnu-tools-for-stm32.12.3.rel1.win32_1.0.100.202403111256/tools/bin/../lib/gcc/arm-none-eabi/12.3.1/../../../../arm-none-eabi/lib/thumb/v7e-m+fp/hard/crt0.o
LOAD ./Src/LED.o
LOAD ./Src/SPI.o
LOAD ./Src/SWAP_FS.o
LOAD ./Src/SYSTICK.o
LOAD ./Src/UART.o
LOAD ./Src/W25Qxx.o
LOAD ./Src/main.o
LOAD ./Src/syscalls.o
LOAD ./Src/sysmem.o
LOAD ./Startup/startup_stm32f401retx.o
START GROUP
LOAD C:/ST/STM32CubeIDE_1.11.2/STM32CubeIDE/plugins/com.st.stm32cube.ide.mcu.externaltools.gnu-tools-for-stm32.12.3.rel1.win32_1.0.100.202403111256/tools/bin/../lib/gcc/arm-none-eabi/12.3.1/../../../../arm-none-eabi/lib/thumb/v7e-m+fp/hard\libc_nano.a
LOAD C:/ST/STM32CubeIDE_1.11.2/STM32CubeIDE/plugins/com.st.stm32cube.ide.mcu.externaltools.gnu-tools-for-stm32.12.3.rel1.win32_1.0.100.202403111256/tools/bin/../lib/gcc/arm-none-eabi/12.3.1/../../../../arm-none-eabi/lib/thumb/v7e-m+fp/hard\libm.a
END GROUP
START GROUP
LOAD C:/ST/STM32CubeIDE_1.11.2/STM32CubeIDE/plugins/com.st.stm32cube.ide.mcu.externaltools.gnu-tools-for-stm32.12.3.rel1.win32_1.0.100.202403111256/tools/bin/../lib/gcc/arm-none-eabi/12.3.1/thumb/v7e-m+fp/hard\libgcc.a
LOAD C:/ST/STM32CubeIDE_1.11.2/STM32CubeIDE/plugins/com.st.stm32cube.ide.mcu.externaltools.gnu-tools-for-stm32.12.3.rel1.win32_1.0.100.202403111256/tools/bin/../lib/gcc/arm-none-eabi/12.3.1/../../../../arm-none-eabi/lib/thumb/v7e-m+fp/hard\libc_nano.a
END GROUP
START GROUP
LOAD C:/ST/STM32CubeIDE_1.11.2/STM32CubeIDE/plugins/com.st.stm32cube.ide.mcu.externaltools.gnu-tools-for-stm32.12.3.rel1.win32_1.0.100.202403111256/tools/bin/../lib/gcc/arm-none-eabi/12.3.1/thumb/v7e-m+fp/hard\libgcc.a
LOAD C:/ST/STM32CubeIDE_1.11.2/STM32CubeIDE/plugins/com.st.stm32cube.ide.mcu.externaltools.gnu-tools-for-stm32.12.3.rel1.win32_1.0.100.202403111256/tools/bin/../lib/gcc/arm-none-eabi/12.3.1/../../../../arm-none-eabi/lib/thumb/v7e-m+fp/hard\libc_nano.a
LOAD C:/ST/STM32CubeIDE_1.11.2/STM32CubeIDE/plugins/com.st.stm32cube.ide.mcu.externaltools.gnu-tools-for-stm32.12.3.rel1.win32_1.0.100.202403111256/tools/bin/../lib/gcc/arm-none-eabi/12.3.1/../../../../arm-none-eabi/lib/thumb/v7e-m+fp/hard\libnosys.a
END GROUP
START GROUP
LOAD C:/ST/STM32CubeIDE_1.11.2/STM32CubeIDE/plugins/com.st.stm32cube.ide.mcu.externaltools.gnu-tools-for-stm32.12.3.rel1.win32_1.0.100.202403111256/tools/bin/../lib/gcc/arm-none-eabi/12.3.1/thumb/v7e-m+fp/hard\libgcc.a
LOAD C:/ST/STM32CubeIDE_1.11.2/STM32CubeIDE/plugins/com.st.stm32cube.ide.mcu.externaltools.gnu-tools-for-stm32.12.3.rel1.win32_1.0.100.202403111256/tools/bin/../lib/gcc/arm-none-eabi/12.3.1/../../../../arm-none-eabi/lib/thumb/v7e-m+fp/hard\libc_nano.a
LOAD C:/ST/STM32CubeIDE_1.11.2/STM32CubeIDE/plugins/com.st.stm32cube.ide.mcu.externaltools.gnu-tools-for-stm32.12.3.rel1.win32_1.0.100.202403111256/tools/bin/../lib/gcc/arm-none-eabi/12.3.1/../../../../arm-none-eabi/lib/thumb/v7e-m+fp/hard\libnosys.a
END GROUP
LOAD C:/ST/STM32CubeIDE_1.11.2/STM32CubeIDE/plugins/com.st.stm32cube.ide.mcu.externaltools.gnu-tools-for-stm32.12.3.rel1.win32_1.0.100.202403111256/tools/bin/../lib/gcc/arm-none-eabi/12.3.1/thumb/v7e-m+fp/hard/crtend.o
LOAD C:/ST/STM32CubeIDE_1.11.2/STM32CubeIDE/plugins/com.st.stm32cube.ide.mcu.externaltools.gnu-tools-for-stm32.12.3.rel1.win32_1.0.100.202403111256/tools/bin/../lib/gcc/arm-none-eabi/12.3.1/thumb/v7e-m+fp/hard/crtn.o
                0x20018000                        _estack = (ORIGIN (RAM) + LENGTH (RAM))
                0x00000200                        _Min_Heap_Size = 0x200
                0x00000400                        _Min_Stack_Size = 0x400

.isr_vector     0x08000000      0x194
                0x08000000                        . = ALIGN (0x4)
 *(.isr_vector)
 .isr_vector    0x08000000      0x194 ./Startup/startup_stm32f401retx.o
                0x08000000                g_pfnVectors
                0x08000194                        . = ALIGN (0x4)

.text           0x08000194      0x468
                0x08000194                        . = ALIGN (0x4)
 *(.text)
 .text          0x08000194       0x40 C:/ST/STM32CubeIDE_1.11.2/STM32CubeIDE/plugins/com.st.stm32cube.ide.mcu.externaltools.gnu-tools-for-stm32.12.3.rel1.win32_1.0.100.202403111256/tools/bin/../lib/gcc/arm-none-eabi/12.3.1/thumb/v7e-m+fp/hard/crtbegin.o
 *(.text*)
 .text.SPI2_SelectSlave
                0x080001d4       0x1c ./Src/SPI.o
                0x080001d4                SPI2_SelectSlave
 .text.SPI2_DeselectSlave
                0x080001f0       0x1c ./Src/SPI.o
                0x080001f0                SPI2_DeselectSlave
 .text.SPI2_TransmitReceiveByte
                0x0800020c       0x44 ./Src/SPI.o
                0x0800020c                SPI2_TransmitReceiveByte
 .text.SFS_ReadEraseCount
                0x08000250      0x14a ./Src/SWAP_FS.o
 .text.SFS_ReadBlockMap
                0x0800039a       0x50 ./Src/SWAP_FS.o
 .text.SFS_ReadFS
                0x080003ea       0x1e ./Src/SWAP_FS.o
                0x080003ea                SFS_ReadFS
 .text.delay_ms
                0x08000408       0x5c ./Src/SYSTICK.o
                0x08000408                delay_ms
 .text.W25Q_WriteEnable
                0x08000464       0x1c ./Src/W25Qxx.o
 .text.W25Q_ReadSecurityRegister
                0x08000480       0xae ./Src/W25Qxx.o
                0x08000480                W25Q_ReadSecurityRegister
 .text.main     0x0800052e       0x1a ./Src/main.o
                0x0800052e                main
 .text.Reset_Handler
                0x08000548       0x50 ./Startup/startup_stm32f401retx.o
                0x08000548                Reset_Handler
 .text.Default_Handler
                0x08000598        0x2 ./Startup/startup_stm32f401retx.o
                0x08000598                EXTI2_IRQHandler
                0x08000598                DebugMon_Handler
                0x08000598                SPI4_IRQHandler
                0x08000598                TIM1_CC_IRQHandler
                0x08000598                DMA2_Stream5_IRQHandler
                0x08000598                HardFault_Handler
                0x08000598                DMA1_Stream5_IRQHandler
                0x08000598                SysTick_Handler
                0x08000598                SDIO_IRQHandler
                0x08000598                TAMP_STAMP_IRQHandler
                0x08000598                PendSV_Handler
                0x08000598                NMI_Handler
                0x08000598                EXTI3_IRQHandler
                0x08000598                TIM1_UP_TIM10_IRQHandler
                0x08000598                I2C3_ER_IRQHandler
                0x08000598                EXTI18_OTG_FS_WKUP_IRQHandler
                0x08000598                EXTI0_IRQHandler
                0x08000598                I2C2_EV_IRQHandler
                0x08000598                DMA1_Stream2_IRQHandler
                0x08000598                UsageFault_Handler
                0x08000598                DMA2_Stream2_IRQHandler
                0x08000598                SPI1_IRQHandler
                0x08000598                TIM1_BRK_TIM9_IRQHandler
                0x08000598                DMA2_Stream3_IRQHandler
                0x08000598                USART6_IRQHandler
                0x08000598                DMA2_Stream0_IRQHandler
                0x08000598                TIM4_IRQHandler
                0x08000598                I2C1_EV_IRQHandler
                0x08000598                DMA1_Stream6_IRQHandler
                0x08000598                DMA1_Stream1_IRQHandler
                0x08000598                TIM3_IRQHandler
                0x08000598                RCC_IRQHandler
                0x08000598                Default_Handler
                0x08000598                EXTI15_10_IRQHandler
                0x08000598                ADC_IRQHandler
                0x08000598                DMA1_Stream7_IRQHandler
                0x08000598                TIM5_IRQHandler
                0x08000598                DMA2_Stream7_IRQHandler
                0x08000598                I2C3_EV_IRQHandler
                0x08000598                EXTI9_5_IRQHandler
                0x08000598                SPI2_IRQHandler
                0x08000598                MemManage_Handler
                0x08000598                DMA1_Stream0_IRQHandler
                0x08000598                SVC_Handler
                0x08000598                EXTI4_IRQHandler
                0x08000598                EXTI22_RTC_WKUP_IRQHandler
                0x08000598                TIM2_IRQHandler
                0x08000598                EXTI16_PVD_IRQHandler
                0x08000598                TIM1_TRG_COM_TIM11_IRQHandler
                0x08000598                EXTI1_IRQHandler
                0x08000598                EXTI17_RTC_Alarm_IRQHandler
                0x08000598                USART2_IRQHandler
                0x08000598                I2C2_ER_IRQHandler
                0x08000598                DMA2_Stream1_IRQHandler
                0x08000598                FLASH_IRQHandler
                0x08000598                DMA2_Stream4_IRQHandler
                0x08000598                BusFault_Handler
                0x08000598                USART1_IRQHandler
                0x08000598                OTG_FS_IRQHandler
                0x08000598                SPI3_IRQHandler
                0x08000598                DMA1_Stream4_IRQHandler
                0x08000598                I2C1_ER_IRQHandler
                0x08000598                DMA2_Stream6_IRQHandler
                0x08000598                DMA1_Stream3_IRQHandler
 *fill*         0x0800059a        0x2 
 .text.__libc_init_array
                0x0800059c       0x48 C:/ST/STM32CubeIDE_1.11.2/STM32CubeIDE/plugins/com.st.stm32cube.ide.mcu.externaltools.gnu-tools-for-stm32.12.3.rel1.win32_1.0.100.202403111256/tools/bin/../lib/gcc/arm-none-eabi/12.3.1/../../../../arm-none-eabi/lib/thumb/v7e-m+fp/hard\libc_nano.a(libc_a-init.o)
                0x0800059c                __libc_init_array
 *(.glue_7)
 .glue_7        0x080005e4        0x0 linker stubs
 *(.glue_7t)
 .glue_7t       0x080005e4        0x0 linker stubs
 *(.eh_frame)
 .eh_frame      0x080005e4        0x0 C:/ST/STM32CubeIDE_1.11.2/STM32CubeIDE/plugins/com.st.stm32cube.ide.mcu.externaltools.gnu-tools-for-stm32.12.3.rel1.win32_1.0.100.202403111256/tools/bin/../lib/gcc/arm-none-eabi/12.3.1/thumb/v7e-m+fp/hard/crtbegin.o
 *(.init)
 .init          0x080005e4        0x4 C:/ST/STM32CubeIDE_1.11.2/STM32CubeIDE/plugins/com.st.stm32cube.ide.mcu.externaltools.gnu-tools-for-stm32.12.3.rel1.win32_1.0.100.202403111256/tools/bin/../lib/gcc/arm-none-eabi/12.3.1/thumb/v7e-m+fp/hard/crti.o
                0x080005e4                _init
 .init          0x080005e8        0x8 C:/ST/STM32CubeIDE_1.11.2/STM32CubeIDE/plugins/com.st.stm32cube.ide.mcu.externaltools.gnu-tools-for-stm32.12.3.rel1.win32_1.0.100.202403111256/tools/bin/../lib/gcc/arm-none-eabi/12.3.1/thumb/v7e-m+fp/hard/crtn.o
 *(.fini)
 .fini          0x080005f0        0x4 C:/ST/STM32CubeIDE_1.11.2/STM32CubeIDE/plugins/com.st.stm32cube.ide.mcu.externaltools.gnu-tools-for-stm32.12.3.rel1.win32_1.0.100.202403111256/tools/bin/../lib/gcc/arm-none-eabi/12.3.1/thumb/v7e-m+fp/hard/crti.o
                0x080005f0                _fini
 .fini          0x080005f4        0x8 C:/ST/STM32CubeIDE_1.11.2/STM32CubeIDE/plugins/com.st.stm32cube.ide.mcu.externaltools.gnu-tools-for-stm32.12.3.rel1.win32_1.0.100.202403111256/tools/bin/../lib/gcc/arm-none-eabi/12.3.1/thumb/v7e-m+fp/hard/crtn.o
                0x080005fc                        . = ALIGN (0x4)
                0x080005fc                        _etext = .

.vfp11_veneer   0x080005fc        0x0
 .vfp11_veneer  0x080005fc        0x0 linker stubs

.v4_bx          0x080005fc        0x0
 .v4_bx         0x080005fc        0x0 linker stubs

.iplt           0x080005fc        0x0
 .iplt          0x080005fc        0x0 C:/ST/STM32CubeIDE_1.11.2/STM32CubeIDE/plugins/com.st.stm32cube.ide.mcu.externaltools.gnu-tools-for-stm32.12.3.rel1.win32_1.0.100.202403111256/tools/bin/../lib/gcc/arm-none-eabi/12.3.1/thumb/v7e-m+fp/hard/crtbegin.o

.rodata         0x080005fc        0x0
                0x080005fc                        . = ALIGN (0x4)
 *(.rodata)
 *(.rodata*)
                0x080005fc                        . = ALIGN (0x4)

.ARM.extab      0x080005fc        0x0
                0x080005fc                        . = ALIGN (0x4)
 *(.ARM.extab* .gnu.linkonce.armextab.*)
                0x080005fc                        . = ALIGN (0x4)

.ARM            0x080005fc        0x0
                0x080005fc                        . = ALIGN (0x4)
                0x080005fc                        __exidx_start = .
 *(.ARM.exidx*)
                0x080005fc                        __exidx_end = .
                0x080005fc                        . = ALIGN (0x4)

.preinit_array  0x080005fc        0x0
                0x080005fc                        . = ALIGN (0x4)
                0x080005fc                        PROVIDE (__preinit_array_start = .)
 *(.preinit_array*)
                0x080005fc                        PROVIDE (__preinit_array_end = .)
                0x080005fc                        . = ALIGN (0x4)

.init_array     0x080005fc        0x4
                0x080005fc                        . = ALIGN (0x4)
                0x080005fc                        PROVIDE (__init_array_start = .)
 *(SORT_BY_NAME(.init_array.*))
 *(.init_array*)
 .init_array    0x080005fc        0x4 C:/ST/STM32CubeIDE_1.11.2/STM32CubeIDE/plugins/com.st.stm32cube.ide.mcu.externaltools.gnu-tools-for-stm32.12.3.rel1.win32_1.0.100.202403111256/tools/bin/../lib/gcc/arm-none-eabi/12.3.1/thumb/v7e-m+fp/hard/crtbegin.o
                0x08000600                        PROVIDE (__init_array_end = .)
                0x08000600                        . = ALIGN (0x4)

.fini_array     0x08000600        0x4
                0x08000600                        . = ALIGN (0x4)
                [!provide]                        PROVIDE (__fini_array_start = .)
 *(SORT_BY_NAME(.fini_array.*))
 *(.fini_array*)
 .fini_array    0x08000600        0x4 C:/ST/STM32CubeIDE_1.11.2/STM32CubeIDE/plugins/com.st.stm32cube.ide.mcu.externaltools.gnu-tools-for-stm32.12.3.rel1.win32_1.0.100.202403111256/tools/bin/../lib/gcc/arm-none-eabi/12.3.1/thumb/v7e-m+fp/hard/crtbegin.o
                [!provide]                        PROVIDE (__fini_array_end = .)
                0x08000604                        . = ALIGN (0x4)
                0x08000604                        _sidata = LOADADDR (.data)

.rel.dyn        0x08000604        0x0
 .rel.iplt      0x08000604        0x0 C:/ST/STM32CubeIDE_1.11.2/STM32CubeIDE/plugins/com.st.stm32cube.ide.mcu.externaltools.gnu-tools-for-stm32.12.3.rel1.win32_1.0.100.202403111256/tools/bin/../lib/gcc/arm-none-eabi/12.3.1/thumb/v7e-m+fp/hard/crtbegin.o

.data           0x20000000        0x0 load address 0x08000604
                0x20000000                        . = ALIGN (0x4)
                0x20000000                        _sdata = .
 *(.data)
 *(.data*)
 *(.RamFunc)
 *(.RamFunc*)
                0x20000000                        . = ALIGN (0x4)
                0x20000000                        _edata = .

.igot.plt       0x20000000        0x0 load address 0x08000604
 .igot.plt      0x20000000        0x0 C:/ST/STM32CubeIDE_1.11.2/STM32CubeIDE/plugins/com.st.stm32cube.ide.mcu.externaltools.gnu-tools-for-stm32.12.3.rel1.win32_1.0.100.202403111256/tools/bin/../lib/gcc/arm-none-eabi/12.3.1/thumb/v7e-m+fp/hard/crtbegin.o
                0x20000000                        . = ALIGN (0x4)

.bss            0x20000000       0x1c load address 0x08000604
                0x20000000                        _sbss = .
                0x20000000                        __bss_start__ = _sbss
 *(.bss)
 .bss           0x20000000       0x1c C:/ST/STM32CubeIDE_1.11.2/STM32CubeIDE/plugins/com.st.stm32cube.ide.mcu.externaltools.gnu-tools-for-stm32.12.3.rel1.win32_1.0.100.202403111256/tools/bin/../lib/gcc/arm-none-eabi/12.3.1/thumb/v7e-m+fp/hard/crtbegin.o
 *(.bss*)
 *(COMMON)
                0x2000001c                        . = ALIGN (0x4)
                0x2000001c                        _ebss = .
                0x2000001c                        __bss_end__ = _ebss

._user_heap_stack
                0x2000001c      0x604 load address 0x08000604
                0x20000020                        . = ALIGN (0x8)
 *fill*         0x2000001c        0x4 
                [!provide]                        PROVIDE (end = .)
                0x20000020                        PROVIDE (_end = .)
                0x20000220                        . = (. + _Min_Heap_Size)
 *fill*         0x20000020      0x200 
                0x20000620                        . = (. + _Min_Stack_Size)
 *fill*         0x20000220      0x400 
                0x20000620                        . = ALIGN (0x8)

/DISCARD/
 libc.a(*)
 libm.a(*)
 libgcc.a(*)

.ARM.attributes
                0x00000000       0x30
 *(.ARM.attributes)
 .ARM.attributes
                0x00000000       0x22 C:/ST/STM32CubeIDE_1.11.2/STM32CubeIDE/plugins/com.st.stm32cube.ide.mcu.externaltools.gnu-tools-for-stm32.12.3.rel1.win32_1.0.100.202403111256/tools/bin/../lib/gcc/arm-none-eabi/12.3.1/thumb/v7e-m+fp/hard/crti.o
 .ARM.attributes
                0x00000022       0x34 C:/ST/STM32CubeIDE_1.11.2/STM32CubeIDE/plugins/com.st.stm32cube.ide.mcu.externaltools.gnu-tools-for-stm32.12.3.rel1.win32_1.0.100.202403111256/tools/bin/../lib/gcc/arm-none-eabi/12.3.1/thumb/v7e-m+fp/hard/crtbegin.o
 .ARM.attributes
                0x00000056       0x34 ./Src/SPI.o
 .ARM.attributes
                0x0000008a       0x34 ./Src/SWAP_FS.o
 .ARM.attributes
                0x000000be       0x34 ./Src/SYSTICK.o
 .ARM.attributes
                0x000000f2       0x34 ./Src/W25Qxx.o
 .ARM.attributes
                0x00000126       0x34 ./Src/main.o
 .ARM.attributes
                0x0000015a       0x21 ./Startup/startup_stm32f401retx.o
 .ARM.attributes
                0x0000017b       0x34 C:/ST/STM32CubeIDE_1.11.2/STM32CubeIDE/plugins/com.st.stm32cube.ide.mcu.externaltools.gnu-tools-for-stm32.12.3.rel1.win32_1.0.100.202403111256/tools/bin/../lib/gcc/arm-none-eabi/12.3.1/../../../../arm-none-eabi/lib/thumb/v7e-m+fp/hard\libc_nano.a(libc_a-init.o)
 .ARM.attributes
                0x000001af       0x22 C:/ST/STM32CubeIDE_1.11.2/STM32CubeIDE/plugins/com.st.stm32cube.ide.mcu.externaltools.gnu-tools-for-stm32.12.3.rel1.win32_1.0.100.202403111256/tools/bin/../lib/gcc/arm-none-eabi/12.3.1/thumb/v7e-m+fp/hard/crtn.o
OUTPUT(FLASH_WearLevelling.elf elf32-littlearm)
LOAD linker stubs
LOAD C:/ST/STM32CubeIDE_1.11.2/STM32CubeIDE/plugins/com.st.stm32cube.ide.mcu.externaltools.gnu-tools-for-stm32.12.3.rel1.win32_1.0.100.202403111256/tools/bin/../lib/gcc/arm-none-eabi/12.3.1/../../../../arm-none-eabi/lib/thumb/v7e-m+fp/hard\libc.a
LOAD C:/ST/STM32CubeIDE_1.11.2/STM32CubeIDE/plugins/com.st.stm32cube.ide.mcu.externaltools.gnu-tools-for-stm32.12.3.rel1.win32_1.0.100.202403111256/tools/bin/../lib/gcc/arm-none-eabi/12.3.1/../../../../arm-none-eabi/lib/thumb/v7e-m+fp/hard\libm.a
LOAD C:/ST/STM32CubeIDE_1.11.2/STM32CubeIDE/plugins/com.st.stm32cube.ide.mcu.externaltools.gnu-tools-for-stm32.12.3.rel1.win32_1.0.100.202403111256/tools/bin/../lib/gcc/arm-none-eabi/12.3.1/thumb/v7e-m+fp/hard\libgcc.a

.debug_info     0x00000000     0x12ec
 .debug_info    0x00000000      0x453 ./Src/SPI.o
 .debug_info    0x00000453      0x609 ./Src/SWAP_FS.o
 .debug_info    0x00000a5c      0x10b ./Src/SYSTICK.o
 .debug_info    0x00000b67      0x630 ./Src/W25Qxx.o
 .debug_info    0x00001197      0x125 ./Src/main.o
 .debug_info    0x000012bc       0x30 ./Startup/startup_stm32f401retx.o

.debug_abbrev   0x00000000      0x610
 .debug_abbrev  0x00000000      0x14e ./Src/SPI.o
 .debug_abbrev  0x0000014e      0x169 ./Src/SWAP_FS.o
 .debug_abbrev  0x000002b7       0xc6 ./Src/SYSTICK.o
 .debug_abbrev  0x0000037d      0x1c8 ./Src/W25Qxx.o
 .debug_abbrev  0x00000545       0xa7 ./Src/main.o
 .debug_abbrev  0x000005ec       0x24 ./Startup/startup_stm32f401retx.o

.debug_aranges  0x00000000      0x1f8
 .debug_aranges
                0x00000000       0x40 ./Src/SPI.o
 .debug_aranges
                0x00000040       0x88 ./Src/SWAP_FS.o
 .debug_aranges
                0x000000c8       0x20 ./Src/SYSTICK.o
 .debug_aranges
                0x000000e8       0xc8 ./Src/W25Qxx.o
 .debug_aranges
                0x000001b0       0x20 ./Src/main.o
 .debug_aranges
                0x000001d0       0x28 ./Startup/startup_stm32f401retx.o

.debug_rnglists
                0x00000000      0x162
 .debug_rnglists
                0x00000000       0x2b ./Src/SPI.o
 .debug_rnglists
                0x0000002b       0x64 ./Src/SWAP_FS.o
 .debug_rnglists
                0x0000008f       0x13 ./Src/SYSTICK.o
 .debug_rnglists
                0x000000a2       0x94 ./Src/W25Qxx.o
 .debug_rnglists
                0x00000136       0x13 ./Src/main.o
 .debug_rnglists
                0x00000149       0x19 ./Startup/startup_stm32f401retx.o

.debug_macro    0x00000000     0x14d4
 .debug_macro   0x00000000       0xe1 ./Src/SPI.o
 .debug_macro   0x000000e1      0x189 ./Src/SPI.o
 .debug_macro   0x0000026a      0x1db ./Src/SWAP_FS.o
 .debug_macro   0x00000445       0x5b ./Src/SWAP_FS.o
 .debug_macro   0x000004a0       0x2a ./Src/SWAP_FS.o
 .debug_macro   0x000004ca       0x94 ./Src/SWAP_FS.o
 .debug_macro   0x0000055e       0x43 ./Src/SWAP_FS.o
 .debug_macro   0x000005a1       0x34 ./Src/SWAP_FS.o
 .debug_macro   0x000005d5       0x16 ./Src/SWAP_FS.o
 .debug_macro   0x000005eb       0x57 ./Src/SWAP_FS.o
 .debug_macro   0x00000642       0x9e ./Src/SWAP_FS.o
 .debug_macro   0x000006e0      0x369 ./Src/SWAP_FS.o
 .debug_macro   0x00000a49      0x10b ./Src/SWAP_FS.o
 .debug_macro   0x00000b54       0x10 ./Src/SWAP_FS.o
 .debug_macro   0x00000b64       0x16 ./Src/SWAP_FS.o
 .debug_macro   0x00000b7a       0x43 ./Src/SWAP_FS.o
 .debug_macro   0x00000bbd       0x34 ./Src/SWAP_FS.o
 .debug_macro   0x00000bf1       0x10 ./Src/SWAP_FS.o
 .debug_macro   0x00000c01       0x58 ./Src/SWAP_FS.o
 .debug_macro   0x00000c59       0x8e ./Src/SWAP_FS.o
 .debug_macro   0x00000ce7       0x1c ./Src/SWAP_FS.o
 .debug_macro   0x00000d03      0x177 ./Src/SWAP_FS.o
 .debug_macro   0x00000e7a       0x16 ./Src/SWAP_FS.o
 .debug_macro   0x00000e90       0x16 ./Src/SWAP_FS.o
 .debug_macro   0x00000ea6      0x146 ./Src/SWAP_FS.o
 .debug_macro   0x00000fec       0xbe ./Src/SWAP_FS.o
 .debug_macro   0x000010aa       0x16 ./Src/SWAP_FS.o
 .debug_macro   0x000010c0       0xd8 ./Src/SYSTICK.o
 .debug_macro   0x00001198       0xfa ./Src/W25Qxx.o
 .debug_macro   0x00001292      0x1e1 ./Src/main.o
 .debug_macro   0x00001473       0x61 ./Src/main.o

.debug_line     0x00000000     0x262b
 .debug_line    0x00000000      0x618 ./Src/SPI.o
 .debug_line    0x00000618      0xa9d ./Src/SWAP_FS.o
 .debug_line    0x000010b5      0x52d ./Src/SYSTICK.o
 .debug_line    0x000015e2      0x95a ./Src/W25Qxx.o
 .debug_line    0x00001f3c      0x674 ./Src/main.o
 .debug_line    0x000025b0       0x7b ./Startup/startup_stm32f401retx.o

.debug_str      0x00000000    0x5394e
 .debug_str     0x00000000    0x4fa7e ./Src/SPI.o
                              0x4fc80 (size before relaxing)
 .debug_str     0x0004fa7e     0x3bec ./Src/SWAP_FS.o
                              0x53672 (size before relaxing)
 .debug_str     0x0005366a       0x37 ./Src/SYSTICK.o
                              0x4f73d (size before relaxing)
 .debug_str     0x000536a1      0x200 ./Src/W25Qxx.o
                              0x4ffb6 (size before relaxing)
 .debug_str     0x000538a1       0x31 ./Src/main.o
                              0x53465 (size before relaxing)
 .debug_str     0x000538d2       0x7c ./Startup/startup_stm32f401retx.o

.comment        0x00000000       0x43
 .comment       0x00000000       0x43 ./Src/SPI.o
                                 0x44 (size before relaxing)
 .comment       0x00000043       0x44 ./Src/SWAP_FS.o
 .comment       0x00000043       0x44 ./Src/SYSTICK.o
 .comment       0x00000043       0x44 ./Src/W25Qxx.o
 .comment       0x00000043       0x44 ./Src/main.o

.debug_frame    0x00000000      0x668
 .debug_frame   0x00000000       0xbc ./Src/SPI.o
 .debug_frame   0x000000bc      0x21c ./Src/SWAP_FS.o
 .debug_frame   0x000002d8       0x38 ./Src/SYSTICK.o
 .debug_frame   0x00000310      0x2fc ./Src/W25Qxx.o
 .debug_frame   0x0000060c       0x30 ./Src/main.o
 .debug_frame   0x0000063c       0x2c C:/ST/STM32CubeIDE_1.11.2/STM32CubeIDE/plugins/com.st.stm32cube.ide.mcu.externaltools.gnu-tools-for-stm32.12.3.rel1.win32_1.0.100.202403111256/tools/bin/../lib/gcc/arm-none-eabi/12.3.1/../../../../arm-none-eabi/lib/thumb/v7e-m+fp/hard\libc_nano.a(libc_a-init.o)

.debug_line_str
                0x00000000       0x60
 .debug_line_str
                0x00000000       0x60 ./Startup/startup_stm32f401retx.o
