../Src/W25Qxx.c:3:13:W25Q_WriteEnable	8	static
../Src/W25Qxx.c:11:13:W25Q_WriteDisable	8	static
../Src/W25Qxx.c:19:13:W25Q_Reset	8	static
../Src/W25Qxx.c:28:6:W25Q_Init	8	static
../Src/W25Qxx.c:34:10:W25Q_ReadID	16	static
../Src/W25Qxx.c:45:6:W25Q_ReadData	40	static
../Src/W25Qxx.c:62:6:W25Q_FastReadData	40	static
../Src/W25Qxx.c:80:6:W25Q_WritePage	32	static
../Src/W25Qxx.c:96:6:W25Q_EraseSector	24	static
../Src/W25Qxx.c:109:6:W25Q_Erase32kBlock	24	static
../Src/W25Qxx.c:122:6:W25Q_Erase64kBlock	24	static
../Src/W25Qxx.c:135:6:W25Q_EraseChip	8	static
